
> learnverse@0.1.0 build
> next build

node.exe : ΓÜá `eslint` 
configuration in 
next.config.mjs is no longer 
supported. See more info 
here: https://nextjs.org/docs
/app/api-reference/cli/next#n
ext-lint-options
At C:\Program 
Files\nodejs\npm.ps1:29 
char:3
+   & $NODE_EXE $NPM_CLI_JS 
$args
+   
~~~~~~~~~~~~~~~~~~~~~~~~~~~~~
    + CategoryInfo           
   : NotSpecified: (ΓÜá `es  
  lint` co...xt-lint-optio   
 ns:String) [], RemoteExc    
eption
    + FullyQualifiedErrorId  
   : NativeCommandError
 
ΓÜá Invalid next.config.mjs 
options detected: 
ΓÜá     Unrecognized key(s) 
in object: 'eslint'
ΓÜá See more info here: https
://nextjs.org/docs/messages/i
nvalid-next-config
ΓÜá Warning: Next.js 
inferred your workspace 
root, but it may not be 
correct.
 We detected multiple 
lockfiles and selected the 
directory of D:\Documents\pro
jects\package-lock.json as 
the root directory.
 To silence this warning, 
set `turbopack.root` in your 
Next.js config, or consider 
removing one of the 
lockfiles if it's not needed.
   See https://nextjs.org/doc
s/app/api-reference/config/ne
xt-config-js/turbopack#root-d
irectory for more 
information.
 Detected additional 
lockfiles: 
   * D:\Documents\projects\sa
mples\eleraning\package-lock.
json

Γû▓ Next.js 16.1.6 (Turbopack)

  Creating an optimized production build ...
Γ£ô Compiled successfully in 9.9s
  Skipping validation of types
  Collecting page data using 11 workers ...
  Generating static pages using 11 workers (0/15) ...
  Generating static pages using 11 workers (3/15) 
  Generating static pages using 11 workers (7/15) 
  Generating static pages using 11 workers (11/15) 
Γ£ô Generating static pages using 11 workers (15/15) in 1069.2ms
  Finalizing page optimization ...

Route (app)
Γöî Γùï /
Γö£ Γùï /_not-found
Γö£ Γùï /admin
Γö£ Γùï /admin/courses
Γö£ ╞Æ /admin/courses/edit/[id]
Γö£ Γùï /admin/courses/new
Γö£ ╞Æ /admin/lessons/[id]
Γö£ Γùï /admin/orders
Γö£ Γùï /admin/users
Γö£ Γùï /courses
Γö£ ╞Æ /courses/[id]
Γö£ Γùï /dashboard
Γö£ Γùï /dashboard/profile
Γö£ Γùï /dashboard/wishlist
Γö£ Γùï /login
Γö£ ╞Æ /player/[id]
Γöö Γùï /register


Γùï  (Static)   prerendered as static content
╞Æ  (Dynamic)  server-rendered on demand

